Device: cuda, dtype: torch.bfloat16
Loaded 6 images, shape: torch.Size([1, 6, 3, 288, 512])
Creating target camera path (downloads VGGT on first run)...
Rays shape: torch.Size([1, 106, 6, 288, 512]), cam_tokens shape: torch.Size([1, 106, 11])
Loading model from facebook/lagernvs_general_512...
VGGT weights not used for the encoder
Model loaded: 1,103,348,352 parameters
Rendering 100 frames...
Output video shape: torch.Size([1, 100, 3, 288, 512])
Saved video of length 100 to outputs/showcase512/eae986c8f31081cc_6v_100f.mp4
Saved to outputs/showcase512/eae986c8f31081cc_6v_100f.mp4
SIX_V_EXIT=0
Device: cuda, dtype: torch.bfloat16
Loaded 2 images, shape: torch.Size([1, 2, 3, 288, 512])
Creating target camera path (downloads VGGT on first run)...
Rays shape: torch.Size([1, 102, 6, 288, 512]), cam_tokens shape: torch.Size([1, 102, 11])
Loading model from facebook/lagernvs_general_512...
VGGT weights not used for the encoder
Model loaded: 1,103,348,352 parameters
Rendering 100 frames...
Output video shape: torch.Size([1, 100, 3, 288, 512])
Saved video of length 100 to outputs/showcase512/eae986c8f31081cc_2v_100f.mp4
Saved to outputs/showcase512/eae986c8f31081cc_2v_100f.mp4
TWO_V_EXIT=0
E2_DONE
