=== NODE: anode16 GPU: NVIDIA A100-SXM4-80GB ===
2.8.0+cu126 True
=== general model 2-view POSED 512 on 500 scenes ===
{'module': 'run_eval', 'seed': 0, 'eval_data': {'dataset_name': 're10k', 'dataset_name_log': 're10k_2_view_posed_500_general', 'zero_out_cam_cond_p': 0.0, 'test_view_indices_path': './assets/re10k_2v_500.json', 'num_cond_views': 2, 'video_path_type': 'bspline_interp_eased'}, 'model': {'arch': 'EncDecVitB/8', 'attention_to_features_type': 'bidirectional_cross_attention'}, 'opt': {'batch_size': 8}, 'data': {'im_size_hw': [512, 512], 'eval_video_length': 100}, 'checkpoint_path': 'hf://facebook/lagernvs_general_512/model.pt', 'log_dir': './output', '-c': None, 'config/eval_re10k_general_500': {'yaml': None}, '-e': None, 're10k_general_2v_512_500': None, '--opt': {'batch_size': None}, '8': None, 'exp_name': 're10k_general_2v_512_500'}
Running eval
Running setup on rank 0 with world size 1
| distributed init (rank 0): 1, gpu 0
[22:55:57.436749] {'module': 'run_eval', 'seed': 0, 'eval_data': {'dataset_name': 're10k', 'dataset_name_log': 're10k_2_view_posed_500_general', 'zero_out_cam_cond_p': 0.0, 'test_view_indices_path': './assets/re10k_2v_500.json', 'num_cond_views': 2, 'video_path_type': 'bspline_interp_eased'}, 'model': {'arch': 'EncDecVitB/8', 'attention_to_features_type': 'bidirectional_cross_attention'}, 'opt': {'batch_size': 8}, 'data': {'im_size_hw': [512, 512], 'eval_video_length': 100}, 'checkpoint_path': 'hf://facebook/lagernvs_general_512/model.pt', 'log_dir': './output/re10k_general_2v_512_500', '-c': None, 'config/eval_re10k_general_500': {'yaml': None}, '-e': None, 're10k_general_2v_512_500': None, '--opt': {'batch_size': None}, '8': None, 'exp_name': 're10k_general_2v_512_500', 'rank': 0, 'world_size': 1, 'gpu': 0, 'distributed': True, 'dist_backend': 'nccl'}
[22:56:05.443880] VGGT weights not used for the encoder
[22:56:09.395719] Loading checkpoint from hf://facebook/lagernvs_general_512/model.pt
[22:56:11.755156] Successfully loaded checkpoint from hf://facebook/lagernvs_general_512/model.pt
[22:56:11.804684] Loaded checkpoint
[22:56:11.825223] Found 500 sequences
[22:56:25.309301] Setting up [LPIPS] perceptual loss: trunk [vgg], v[0.1], spatial [off]
[22:56:26.589845] Loading model from: /home/scc/pb25612046/.conda/envs/lagernvs/lib/python3.10/site-packages/lpips/weights/v0.1/vgg.pth
[23:10:00.272856] Gathering scores from all processes...
[23:10:00.293600] Padding local tensor of length 500 to max count: 500 
[23:10:00.295436] Padding local tensor of length 500 to max count: 500 
[23:10:00.296825] Padding local tensor of length 500 to max count: 500 
[23:10:00.297376] Gathering scene names from all processes...
[23:10:00.297932] Padding local tensor of length 500 on rank 0 to max count: 500 
[23:10:00.341379] Evaluation metrics:
[23:10:00.341483]   psnr: 29.0602
[23:10:00.341518]   ssim: 0.9006
[23:10:00.341547]   lpips: 0.1481
[23:10:00.349467] Saved eval scores to ./output/re10k_general_2v_512_500/re10k_2_view_posed_500_general/scores_iter_000000.txt
[23:10:00.351049] Found 500 sequences
[23:10:00.353635] Starting video saving and bspline_interp_eased camera video rendering
[23:10:13.665341] Saved video of length 100 to ./output/re10k_general_2v_512_500/re10k_2_view_posed_500_general/videos_iter_000000/5aca87f95a9412c6_00058.png_00058_00133.mp4
[23:10:25.254485] Saved video of length 100 to ./output/re10k_general_2v_512_500/re10k_2_view_posed_500_general/videos_iter_000000/322261824c4a3003_00033.png_00033_00078.mp4
[23:10:36.211717] Saved video of length 100 to ./output/re10k_general_2v_512_500/re10k_2_view_posed_500_general/videos_iter_000000/17d9303ee77c3a3d_00017.png_00017_00063.mp4
[23:10:47.159918] Saved video of length 100 to ./output/re10k_general_2v_512_500/re10k_2_view_posed_500_general/videos_iter_000000/debc3490ba0bd84b_00034.png_00034_00081.mp4
[23:10:58.288343] Saved video of length 100 to ./output/re10k_general_2v_512_500/re10k_2_view_posed_500_general/videos_iter_000000/e124dfa7e996a414_00048.png_00048_00093.mp4
[23:11:09.180725] Saved video of length 100 to ./output/re10k_general_2v_512_500/re10k_2_view_posed_500_general/videos_iter_000000/aa91dfdd5f4ad32b_00008.png_00008_00057.mp4
[23:11:20.033300] Saved video of length 100 to ./output/re10k_general_2v_512_500/re10k_2_view_posed_500_general/videos_iter_000000/e4bcb18fa6aa91be_00032.png_00032_00079.mp4
[23:11:31.091645] Saved video of length 100 to ./output/re10k_general_2v_512_500/re10k_2_view_posed_500_general/videos_iter_000000/bc95e5c7e357f1b7_00035.png_00035_00091.mp4
[23:11:37.066327] Finished video saving and camera loop rendering
EVAL_EXIT=0
=== scores ===
